[16:34:02] Ch2/STRATEGY: Zenith Strategy: captured 834w
[16:34:30] Ch2/OUTLINE: Outline: captured 2041w
[16:35:21] Ch2/DRAFT: Variant STANDARD: too short (0w). Retry 2...
[16:35:48] Ch2/DRAFT: Variant CREATIVE: too short (0w). Retry 2...
[16:35:49] Ch2/DRAFT: Variant DIRECT: captured 2124w
[16:36:26] Ch2/DRAFT: Variant STANDARD: captured 2645w
[17:14:34] Ch2/BRIEF: Studio Brief: captured 911w
[17:15:00] Ch2/HOOK_ISOLATION: Hook Selection: captured 546w
[17:15:37] Ch2/OUTLINE: Outline: captured 788w
[17:16:12] Ch2/DRAFT: Variant STANDARD: too short (0w). Retry 2...
[17:16:31] Ch2/DRAFT: Variant CREATIVE: too short (0w). Retry 2...
[17:16:38] Ch2/DRAFT: Variant DIRECT: captured 860w
[17:17:05] Ch2/DRAFT: Variant CREATIVE: captured 1170w
[17:17:08] Ch2/DRAFT: Variant STANDARD: captured 1148w
[17:18:02] Ch2/RE_AMPING: Re-Amped Recording: captured 1375w
[17:18:27] Ch2/POLARIZATION: Polarized Track: captured 1721w
[17:19:02] Ch2/LOCALIZATION: Localized Track: captured 1847w
[17:19:34] Ch2/MIX_AND_MASTER: Billboard Mastered: captured 1463w
[17:20:04] Ch2/VIRAL_PROMO: Forecasted Track: captured 1140w
[17:20:38] Ch2/VIRAL_PROMO: Marketing Bundle Assets: captured 773w
[17:26:52] Ch2/OUTLINE: Outline: captured 1638w
[17:27:24] Ch2/DRAFT: Variant A: CHART-TOPPER (POP): too short (0w). Retry 2...
[17:27:47] Ch2/DRAFT: Variant C: PERFORMANCE/RAP: captured 871w
[17:27:58] Ch2/DRAFT: Variant A: CHART-TOPPER (POP): captured 871w
[17:28:00] Ch2/DRAFT: Variant B: BALLAD/EMOTIONAL: too short (0w). Retry 2...
[17:28:38] Ch2/DRAFT: Variant B: BALLAD/EMOTIONAL: captured 1410w
[17:32:19] Ch2/DRAFT: Variant A: CHART-TOPPER (POP): too short (0w). Retry 2...
[17:32:49] Ch2/DRAFT: Variant B: BALLAD/EMOTIONAL: too short (0w). Retry 2...
[17:33:11] Ch2/DRAFT: Variant C: PERFORMANCE/RAP: captured 1589w
[17:33:20] Ch2/DRAFT: Variant B: BALLAD/EMOTIONAL: captured 1630w
[17:33:36] Ch2/DRAFT: Variant A: CHART-TOPPER (POP): captured 1589w
[17:35:09] Ch2/RE_AMPING: Re-Amped Recording: captured 2407w
[17:35:48] Ch2/POLARIZATION: Polarized Track: captured 2214w
[17:36:29] Ch2/LOCALIZATION: Localized Track: captured 2184w
[17:37:24] Ch2/MIX_AND_MASTER: Billboard Mastered: captured 2199w
[17:38:23] Ch2/VIRAL_PROMO: Forecasted Track: too short (0w). Retry 2...
[17:39:24] Ch2/VIRAL_PROMO: Forecasted Track: captured 2207w
[17:39:46] Ch2/VIRAL_PROMO: Marketing Bundle Assets: captured 806w
[18:54:10] Ch3/BRIEF: Studio Brief: captured 934w
[18:54:35] Ch3/HOOK_ISOLATION: Hook Selection: captured 660w
[18:55:07] Ch3/OUTLINE: Outline: captured 1386w
[18:55:43] Ch3/DRAFT: Variant A: CHART-TOPPER (POP): too short (0w). Retry 2...
[18:56:14] Ch3/DRAFT: Variant B: BALLAD/EMOTIONAL: too short (0w). Retry 2...
[18:56:31] Ch3/DRAFT: Variant C: PERFORMANCE/RAP: captured 968w
[18:56:56] Ch3/DRAFT: Variant A: CHART-TOPPER (POP): captured 1506w
[18:57:08] Ch3/DRAFT: Variant B: BALLAD/EMOTIONAL: failed after 2 retries
[18:58:06] Ch3/RE_AMPING: Re-Amped Recording: captured 1876w
[18:58:40] Ch3/POLARIZATION: Polarized Track: captured 1685w
[18:59:11] Ch3/LOCALIZATION: Localized Track: captured 2169w
[18:59:59] Ch3/DEEP_REFINEMENT: Deep Refined Track: captured 3117w
[19:01:02] Ch3/DOPAMINE_ENGINEERING: Dopamine Optimized Track: too short (0w). Retry 2...
[19:02:09] Ch3/DOPAMINE_ENGINEERING: Dopamine Optimized Track: captured 562w
[19:02:53] Ch3/MIX_AND_MASTER: Billboard Mastered: captured 2231w
[19:03:19] Ch3/VIRAL_PROMO: Forecasted Track: captured 1493w
[19:03:45] Ch3/VIRAL_PROMO: Marketing Bundle Assets: captured 870w
